// Vitest Snapshot v1, https://vitest.dev/guide/snapshot.html

exports[`Should load remove-console wasm plugin correctly 1`] = `
";
export function shouldRemove() {
    ;
    ;
}
export function locallyDefinedConsole() {
    const console = {
        log: ()=>{}
    };
    console.log();
}
export function capturedConsole() {
    const console = {
        log: ()=>{}
    };
    function innerFunc() {
        console.log();
    }
}
export function overrideInParam(console) {
    console.log("");
}
export function overrideInParamObjectPatPropAssign({ console }) {
    console.log("");
}
export function overrideInParamObjectPatPropKeyValue({ c: console }) {
    console.log("");
}
export function overrideInParamObjectPatPropKeyValueNested({ c: { console } }) {
    console.log("");
}
export function overrideInParamArray([console]) {
    console.log("");
}
"
`;
